issue:
I want to remove current repository and add new repository here.

Solution.
GAJJALA REDDAIAH@LAPTOP-GS7L0QG0 MINGW64 ~/Desktop/website
$ git remote add origin https://github.com/Reddy-2020/website.git
fatal: not a git repository (or any of the parent directories): .git

GAJJALA REDDAIAH@LAPTOP-GS7L0QG0 MINGW64 ~/Desktop/website
$ ls
css.css  javascript.js  reddy.html  search.png

GAJJALA REDDAIAH@LAPTOP-GS7L0QG0 MINGW64 ~/Desktop/website (master)
$ git remote add origin https://github.com/Reddy-2020/website.git

GAJJALA REDDAIAH@LAPTOP-GS7L0QG0 MINGW64 ~/Desktop/website (master)
$ git branch -M main
Rename from 'C:/Users/GAJJALA REDDAIAH/Desktop/website/.git/HEAD.lock' to 'C:/Users/GAJJALA REDDAIAH/Desktop/website/.git/HEAD' failed. Should I try again? (y/n) y

GAJJALA REDDAIAH@LAPTOP-GS7L0QG0 MINGW64 ~/Desktop/website (main)
$ git push -u origin main
error: src refspec main does not match any
error: failed to push some refs to 'https://github.com/Reddy-2020/website.git'

GAJJALA REDDAIAH@LAPTOP-GS7L0QG0 MINGW64 ~/Desktop/website (main)
$ git commit -m "new repo"
On branch main

Initial commit

Untracked files:
  (use "git add <file>..." to include in what will be committed)
        css.css
        javascript.js
        reddy.html
        search.png

nothing added to commit but untracked files present (use "git add" to track)

GAJJALA REDDAIAH@LAPTOP-GS7L0QG0 MINGW64 ~/Desktop/website (main)
$ git push origin main
error: src refspec main does not match any
error: failed to push some refs to 'https://github.com/Reddy-2020/website.git'

GAJJALA REDDAIAH@LAPTOP-GS7L0QG0 MINGW64 ~/Desktop/website (main)
$ git add .
warning: in the working copy of 'css.css', LF will be replaced by CRLF the next time Git touches it
warning: in the working copy of 'reddy.html', LF will be replaced by CRLF the next time Git touches it

GAJJALA REDDAIAH@LAPTOP-GS7L0QG0 MINGW64 ~/Desktop/website (main)
$ git commit -m "new repo"
[main (root-commit) f27ca3e] new repo
 4 files changed, 86 insertions(+)
 create mode 100644 css.css
 create mode 100644 javascript.js
 create mode 100644 reddy.html
 create mode 100644 search.png

GAJJALA REDDAIAH@LAPTOP-GS7L0QG0 MINGW64 ~/Desktop/website (main)
$ git push origin main
Enumerating objects: 6, done.
Counting objects: 100% (6/6), done.
Delta compression using up to 8 threads
Compressing objects: 100% (5/5), done.
Writing objects: 100% (6/6), 147.21 KiB | 12.27 MiB/s, done.
Total 6 (delta 0), reused 0 (delta 0), pack-reused 0
To https://github.com/Reddy-2020/website.git
 * [new branch]      main -> main

GAJJALA REDDAIAH@LAPTOP-GS7L0QG0 MINGW64 ~/Desktop/website (main)
$
